// Jest Snapshot v1, https://goo.gl/fbAQLP

exports[`<_SaveButton /> renders correctly 1`] = `
<Component>
  <Component
    onPress={[Function]}
    style={
      Object {
        "color": "#4d4dff",
        "margin": 8,
      }
    }
  >
    Save
  </Component>
</Component>
`;
